producer_class	xtools.gsea.Gsea
producer_timestamp	1595727928293
param	zip_report	false
param	num	100
param	scoring_scheme	weighted
param	norm	meandiv
param	out	C:\Users\lexb4\Desktop
param	mode	Max_probe
param	include_only_symbols	true
param	set_max	500
param	gmx	ftp.broadinstitute.org://pub/gsea/gene_sets/c2.cp.kegg.v7.1.symbols.gmt
param	plot_top_x	50
param	nperm	1000
param	order	descending
param	rpt_label	MUC16
param	rnd_seed	timestamp
param	set_min	15
param	res	C:\Users\lexb4\Desktop\geneTMB\23.GSEA\MUC16.gct
param	create_svgs	false
param	cls	C:\Users\lexb4\Desktop\geneTMB\23.GSEA\MUC16.cls#M_versus_W
param	sort	real
param	create_gcts	false
param	help	false
param	save_rnd_lists	false
param	median	false
param	metric	Signal2Noise
param	make_sets	true
param	rnd_type	no_balance
param	gui	false
param	permute	phenotype
param	collapse	No_Collapse

file	C:\Users\lexb4\Desktop\MUC16.Gsea.1595727928293\index.html
